------------------------------------------------------------
TimeQuest Timing Analyzer Summary
------------------------------------------------------------

Type  : Slow 1100mV 85C Model Setup 'HPSWrapperTop:hps_system|HPSWrapper:hps_qsys_system|HPSWrapper_arm_hps:arm_hps|HPSWrapper_arm_hps_hps_io:hps_io|HPSWrapper_arm_hps_hps_io_border:border|hps_sdram:hps_sdram_inst|hps_sdram_pll:pll|afi_clk_write_clk'
Slack : 1.730
TNS   : 0.000

Type  : Slow 1100mV 85C Model Setup 'hps_system|hps_qsys_system|arm_hps|fpga_interfaces|clocks_resets|h2f_user0_clk'
Slack : 10.874
TNS   : 0.000

Type  : Slow 1100mV 85C Model Setup 'clock50'
Slack : 11.364
TNS   : 0.000

Type  : Slow 1100mV 85C Model Hold 'HPSWrapperTop:hps_system|HPSWrapper:hps_qsys_system|HPSWrapper_arm_hps:arm_hps|HPSWrapper_arm_hps_hps_io:hps_io|HPSWrapper_arm_hps_hps_io_border:border|hps_sdram:hps_sdram_inst|hps_sdram_pll:pll|afi_clk_write_clk'
Slack : 0.143
TNS   : 0.000

Type  : Slow 1100mV 85C Model Hold 'clock50'
Slack : 0.228
TNS   : 0.000

Type  : Slow 1100mV 85C Model Hold 'hps_system|hps_qsys_system|arm_hps|fpga_interfaces|clocks_resets|h2f_user0_clk'
Slack : 0.272
TNS   : 0.000

Type  : Slow 1100mV 85C Model Recovery 'HPSWrapperTop:hps_system|HPSWrapper:hps_qsys_system|HPSWrapper_arm_hps:arm_hps|HPSWrapper_arm_hps_hps_io:hps_io|HPSWrapper_arm_hps_hps_io_border:border|hps_sdram:hps_sdram_inst|hps_sdram_pll:pll|afi_clk_write_clk'
Slack : 3.375
TNS   : 0.000

Type  : Slow 1100mV 85C Model Recovery 'clock50'
Slack : 15.005
TNS   : 0.000

Type  : Slow 1100mV 85C Model Recovery 'hps_system|hps_qsys_system|arm_hps|fpga_interfaces|clocks_resets|h2f_user0_clk'
Slack : 15.866
TNS   : 0.000

Type  : Slow 1100mV 85C Model Removal 'HPSWrapperTop:hps_system|HPSWrapper:hps_qsys_system|HPSWrapper_arm_hps:arm_hps|HPSWrapper_arm_hps_hps_io:hps_io|HPSWrapper_arm_hps_hps_io_border:border|hps_sdram:hps_sdram_inst|hps_sdram_pll:pll|afi_clk_write_clk'
Slack : 0.470
TNS   : 0.000

Type  : Slow 1100mV 85C Model Removal 'clock50'
Slack : 0.563
TNS   : 0.000

Type  : Slow 1100mV 85C Model Removal 'hps_system|hps_qsys_system|arm_hps|fpga_interfaces|clocks_resets|h2f_user0_clk'
Slack : 0.873
TNS   : 0.000

Type  : Slow 1100mV 85C Model Minimum Pulse Width 'HPSWrapperTop:hps_system|HPSWrapper:hps_qsys_system|HPSWrapper_arm_hps:arm_hps|HPSWrapper_arm_hps_hps_io:hps_io|HPSWrapper_arm_hps_hps_io_border:border|hps_sdram:hps_sdram_inst|hps_sdram_pll:pll|pll_write_clk_dq_write_clk'
Slack : 0.608
TNS   : 0.000

Type  : Slow 1100mV 85C Model Minimum Pulse Width 'HPSWrapperTop:hps_system|HPSWrapper:hps_qsys_system|HPSWrapper_arm_hps:arm_hps|HPSWrapper_arm_hps_hps_io:hps_io|HPSWrapper_arm_hps_hps_io_border:border|hps_sdram:hps_sdram_inst|hps_sdram_pll:pll|afi_clk_write_clk'
Slack : 0.623
TNS   : 0.000

Type  : Slow 1100mV 85C Model Minimum Pulse Width 'hps_system|hps_qsys_system|arm_hps|fpga_interfaces|clocks_resets|h2f_user0_clk'
Slack : 8.792
TNS   : 0.000

Type  : Slow 1100mV 85C Model Minimum Pulse Width 'clock50'
Slack : 9.377
TNS   : 0.000

Type  : Slow 1100mV 0C Model Setup 'HPSWrapperTop:hps_system|HPSWrapper:hps_qsys_system|HPSWrapper_arm_hps:arm_hps|HPSWrapper_arm_hps_hps_io:hps_io|HPSWrapper_arm_hps_hps_io_border:border|hps_sdram:hps_sdram_inst|hps_sdram_pll:pll|afi_clk_write_clk'
Slack : 1.727
TNS   : 0.000

Type  : Slow 1100mV 0C Model Setup 'hps_system|hps_qsys_system|arm_hps|fpga_interfaces|clocks_resets|h2f_user0_clk'
Slack : 11.127
TNS   : 0.000

Type  : Slow 1100mV 0C Model Setup 'clock50'
Slack : 11.632
TNS   : 0.000

Type  : Slow 1100mV 0C Model Hold 'HPSWrapperTop:hps_system|HPSWrapper:hps_qsys_system|HPSWrapper_arm_hps:arm_hps|HPSWrapper_arm_hps_hps_io:hps_io|HPSWrapper_arm_hps_hps_io_border:border|hps_sdram:hps_sdram_inst|hps_sdram_pll:pll|afi_clk_write_clk'
Slack : 0.162
TNS   : 0.000

Type  : Slow 1100mV 0C Model Hold 'clock50'
Slack : 0.171
TNS   : 0.000

Type  : Slow 1100mV 0C Model Hold 'hps_system|hps_qsys_system|arm_hps|fpga_interfaces|clocks_resets|h2f_user0_clk'
Slack : 0.250
TNS   : 0.000

Type  : Slow 1100mV 0C Model Recovery 'HPSWrapperTop:hps_system|HPSWrapper:hps_qsys_system|HPSWrapper_arm_hps:arm_hps|HPSWrapper_arm_hps_hps_io:hps_io|HPSWrapper_arm_hps_hps_io_border:border|hps_sdram:hps_sdram_inst|hps_sdram_pll:pll|afi_clk_write_clk'
Slack : 3.468
TNS   : 0.000

Type  : Slow 1100mV 0C Model Recovery 'clock50'
Slack : 15.242
TNS   : 0.000

Type  : Slow 1100mV 0C Model Recovery 'hps_system|hps_qsys_system|arm_hps|fpga_interfaces|clocks_resets|h2f_user0_clk'
Slack : 16.051
TNS   : 0.000

Type  : Slow 1100mV 0C Model Removal 'HPSWrapperTop:hps_system|HPSWrapper:hps_qsys_system|HPSWrapper_arm_hps:arm_hps|HPSWrapper_arm_hps_hps_io:hps_io|HPSWrapper_arm_hps_hps_io_border:border|hps_sdram:hps_sdram_inst|hps_sdram_pll:pll|afi_clk_write_clk'
Slack : 0.460
TNS   : 0.000

Type  : Slow 1100mV 0C Model Removal 'clock50'
Slack : 0.517
TNS   : 0.000

Type  : Slow 1100mV 0C Model Removal 'hps_system|hps_qsys_system|arm_hps|fpga_interfaces|clocks_resets|h2f_user0_clk'
Slack : 0.817
TNS   : 0.000

Type  : Slow 1100mV 0C Model Minimum Pulse Width 'HPSWrapperTop:hps_system|HPSWrapper:hps_qsys_system|HPSWrapper_arm_hps:arm_hps|HPSWrapper_arm_hps_hps_io:hps_io|HPSWrapper_arm_hps_hps_io_border:border|hps_sdram:hps_sdram_inst|hps_sdram_pll:pll|pll_write_clk_dq_write_clk'
Slack : 0.613
TNS   : 0.000

Type  : Slow 1100mV 0C Model Minimum Pulse Width 'HPSWrapperTop:hps_system|HPSWrapper:hps_qsys_system|HPSWrapper_arm_hps:arm_hps|HPSWrapper_arm_hps_hps_io:hps_io|HPSWrapper_arm_hps_hps_io_border:border|hps_sdram:hps_sdram_inst|hps_sdram_pll:pll|afi_clk_write_clk'
Slack : 0.630
TNS   : 0.000

Type  : Slow 1100mV 0C Model Minimum Pulse Width 'hps_system|hps_qsys_system|arm_hps|fpga_interfaces|clocks_resets|h2f_user0_clk'
Slack : 8.759
TNS   : 0.000

Type  : Slow 1100mV 0C Model Minimum Pulse Width 'clock50'
Slack : 9.297
TNS   : 0.000

Type  : Fast 1100mV 85C Model Setup 'HPSWrapperTop:hps_system|HPSWrapper:hps_qsys_system|HPSWrapper_arm_hps:arm_hps|HPSWrapper_arm_hps_hps_io:hps_io|HPSWrapper_arm_hps_hps_io_border:border|hps_sdram:hps_sdram_inst|hps_sdram_pll:pll|afi_clk_write_clk'
Slack : 2.110
TNS   : 0.000

Type  : Fast 1100mV 85C Model Setup 'hps_system|hps_qsys_system|arm_hps|fpga_interfaces|clocks_resets|h2f_user0_clk'
Slack : 14.055
TNS   : 0.000

Type  : Fast 1100mV 85C Model Setup 'clock50'
Slack : 14.365
TNS   : 0.000

Type  : Fast 1100mV 85C Model Hold 'HPSWrapperTop:hps_system|HPSWrapper:hps_qsys_system|HPSWrapper_arm_hps:arm_hps|HPSWrapper_arm_hps_hps_io:hps_io|HPSWrapper_arm_hps_hps_io_border:border|hps_sdram:hps_sdram_inst|hps_sdram_pll:pll|afi_clk_write_clk'
Slack : 0.084
TNS   : 0.000

Type  : Fast 1100mV 85C Model Hold 'clock50'
Slack : 0.134
TNS   : 0.000

Type  : Fast 1100mV 85C Model Hold 'hps_system|hps_qsys_system|arm_hps|fpga_interfaces|clocks_resets|h2f_user0_clk'
Slack : 0.175
TNS   : 0.000

Type  : Fast 1100mV 85C Model Recovery 'HPSWrapperTop:hps_system|HPSWrapper:hps_qsys_system|HPSWrapper_arm_hps:arm_hps|HPSWrapper_arm_hps_hps_io:hps_io|HPSWrapper_arm_hps_hps_io_border:border|hps_sdram:hps_sdram_inst|hps_sdram_pll:pll|afi_clk_write_clk'
Slack : 3.727
TNS   : 0.000

Type  : Fast 1100mV 85C Model Recovery 'clock50'
Slack : 16.580
TNS   : 0.000

Type  : Fast 1100mV 85C Model Recovery 'hps_system|hps_qsys_system|arm_hps|fpga_interfaces|clocks_resets|h2f_user0_clk'
Slack : 17.106
TNS   : 0.000

Type  : Fast 1100mV 85C Model Removal 'clock50'
Slack : 0.303
TNS   : 0.000

Type  : Fast 1100mV 85C Model Removal 'hps_system|hps_qsys_system|arm_hps|fpga_interfaces|clocks_resets|h2f_user0_clk'
Slack : 0.496
TNS   : 0.000

Type  : Fast 1100mV 85C Model Removal 'HPSWrapperTop:hps_system|HPSWrapper:hps_qsys_system|HPSWrapper_arm_hps:arm_hps|HPSWrapper_arm_hps_hps_io:hps_io|HPSWrapper_arm_hps_hps_io_border:border|hps_sdram:hps_sdram_inst|hps_sdram_pll:pll|afi_clk_write_clk'
Slack : 0.497
TNS   : 0.000

Type  : Fast 1100mV 85C Model Minimum Pulse Width 'HPSWrapperTop:hps_system|HPSWrapper:hps_qsys_system|HPSWrapper_arm_hps:arm_hps|HPSWrapper_arm_hps_hps_io:hps_io|HPSWrapper_arm_hps_hps_io_border:border|hps_sdram:hps_sdram_inst|hps_sdram_pll:pll|pll_write_clk_dq_write_clk'
Slack : 0.883
TNS   : 0.000

Type  : Fast 1100mV 85C Model Minimum Pulse Width 'HPSWrapperTop:hps_system|HPSWrapper:hps_qsys_system|HPSWrapper_arm_hps:arm_hps|HPSWrapper_arm_hps_hps_io:hps_io|HPSWrapper_arm_hps_hps_io_border:border|hps_sdram:hps_sdram_inst|hps_sdram_pll:pll|afi_clk_write_clk'
Slack : 0.891
TNS   : 0.000

Type  : Fast 1100mV 85C Model Minimum Pulse Width 'hps_system|hps_qsys_system|arm_hps|fpga_interfaces|clocks_resets|h2f_user0_clk'
Slack : 8.903
TNS   : 0.000

Type  : Fast 1100mV 85C Model Minimum Pulse Width 'clock50'
Slack : 9.411
TNS   : 0.000

Type  : Fast 1100mV 0C Model Setup 'HPSWrapperTop:hps_system|HPSWrapper:hps_qsys_system|HPSWrapper_arm_hps:arm_hps|HPSWrapper_arm_hps_hps_io:hps_io|HPSWrapper_arm_hps_hps_io_border:border|hps_sdram:hps_sdram_inst|hps_sdram_pll:pll|afi_clk_write_clk'
Slack : 2.110
TNS   : 0.000

Type  : Fast 1100mV 0C Model Setup 'hps_system|hps_qsys_system|arm_hps|fpga_interfaces|clocks_resets|h2f_user0_clk'
Slack : 14.656
TNS   : 0.000

Type  : Fast 1100mV 0C Model Setup 'clock50'
Slack : 14.932
TNS   : 0.000

Type  : Fast 1100mV 0C Model Hold 'HPSWrapperTop:hps_system|HPSWrapper:hps_qsys_system|HPSWrapper_arm_hps:arm_hps|HPSWrapper_arm_hps_hps_io:hps_io|HPSWrapper_arm_hps_hps_io_border:border|hps_sdram:hps_sdram_inst|hps_sdram_pll:pll|afi_clk_write_clk'
Slack : 0.077
TNS   : 0.000

Type  : Fast 1100mV 0C Model Hold 'clock50'
Slack : 0.093
TNS   : 0.000

Type  : Fast 1100mV 0C Model Hold 'hps_system|hps_qsys_system|arm_hps|fpga_interfaces|clocks_resets|h2f_user0_clk'
Slack : 0.149
TNS   : 0.000

Type  : Fast 1100mV 0C Model Recovery 'HPSWrapperTop:hps_system|HPSWrapper:hps_qsys_system|HPSWrapper_arm_hps:arm_hps|HPSWrapper_arm_hps_hps_io:hps_io|HPSWrapper_arm_hps_hps_io_border:border|hps_sdram:hps_sdram_inst|hps_sdram_pll:pll|afi_clk_write_clk'
Slack : 3.825
TNS   : 0.000

Type  : Fast 1100mV 0C Model Recovery 'clock50'
Slack : 16.998
TNS   : 0.000

Type  : Fast 1100mV 0C Model Recovery 'hps_system|hps_qsys_system|arm_hps|fpga_interfaces|clocks_resets|h2f_user0_clk'
Slack : 17.482
TNS   : 0.000

Type  : Fast 1100mV 0C Model Removal 'clock50'
Slack : 0.275
TNS   : 0.000

Type  : Fast 1100mV 0C Model Removal 'hps_system|hps_qsys_system|arm_hps|fpga_interfaces|clocks_resets|h2f_user0_clk'
Slack : 0.446
TNS   : 0.000

Type  : Fast 1100mV 0C Model Removal 'HPSWrapperTop:hps_system|HPSWrapper:hps_qsys_system|HPSWrapper_arm_hps:arm_hps|HPSWrapper_arm_hps_hps_io:hps_io|HPSWrapper_arm_hps_hps_io_border:border|hps_sdram:hps_sdram_inst|hps_sdram_pll:pll|afi_clk_write_clk'
Slack : 0.473
TNS   : 0.000

Type  : Fast 1100mV 0C Model Minimum Pulse Width 'HPSWrapperTop:hps_system|HPSWrapper:hps_qsys_system|HPSWrapper_arm_hps:arm_hps|HPSWrapper_arm_hps_hps_io:hps_io|HPSWrapper_arm_hps_hps_io_border:border|hps_sdram:hps_sdram_inst|hps_sdram_pll:pll|pll_write_clk_dq_write_clk'
Slack : 0.887
TNS   : 0.000

Type  : Fast 1100mV 0C Model Minimum Pulse Width 'HPSWrapperTop:hps_system|HPSWrapper:hps_qsys_system|HPSWrapper_arm_hps:arm_hps|HPSWrapper_arm_hps_hps_io:hps_io|HPSWrapper_arm_hps_hps_io_border:border|hps_sdram:hps_sdram_inst|hps_sdram_pll:pll|afi_clk_write_clk'
Slack : 0.894
TNS   : 0.000

Type  : Fast 1100mV 0C Model Minimum Pulse Width 'hps_system|hps_qsys_system|arm_hps|fpga_interfaces|clocks_resets|h2f_user0_clk'
Slack : 8.903
TNS   : 0.000

Type  : Fast 1100mV 0C Model Minimum Pulse Width 'clock50'
Slack : 9.414
TNS   : 0.000

------------------------------------------------------------
Info: see the "DDR report" for DDR timing results
------------------------------------------------------------
------------------------------------------------------------
