------------------------------------------------------------
TimeQuest Timing Analyzer Summary
------------------------------------------------------------

Type  : Slow 1100mV 85C Model Setup 'clock6'
Slack : -2.760
TNS   : -123.194

Type  : Slow 1100mV 85C Model Setup 'clock50'
Slack : -2.686
TNS   : -51.307

Type  : Slow 1100mV 85C Model Setup 'HPSWrapperTop:hps_system|HPSWrapper:hps_qsys_system|HPSWrapper_arm_hps:arm_hps|HPSWrapper_arm_hps_hps_io:hps_io|HPSWrapper_arm_hps_hps_io_border:border|hps_sdram:hps_sdram_inst|hps_sdram_pll:pll|afi_clk_write_clk'
Slack : 1.730
TNS   : 0.000

Type  : Slow 1100mV 85C Model Setup 'hps_system|hps_qsys_system|arm_hps|fpga_interfaces|clocks_resets|h2f_user0_clk'
Slack : 10.658
TNS   : 0.000

Type  : Slow 1100mV 85C Model Hold 'HPSWrapperTop:hps_system|HPSWrapper:hps_qsys_system|HPSWrapper_arm_hps:arm_hps|HPSWrapper_arm_hps_hps_io:hps_io|HPSWrapper_arm_hps_hps_io_border:border|hps_sdram:hps_sdram_inst|hps_sdram_pll:pll|afi_clk_write_clk'
Slack : 0.143
TNS   : 0.000

Type  : Slow 1100mV 85C Model Hold 'clock50'
Slack : 0.233
TNS   : 0.000

Type  : Slow 1100mV 85C Model Hold 'hps_system|hps_qsys_system|arm_hps|fpga_interfaces|clocks_resets|h2f_user0_clk'
Slack : 0.243
TNS   : 0.000

Type  : Slow 1100mV 85C Model Hold 'clock6'
Slack : 0.300
TNS   : 0.000

Type  : Slow 1100mV 85C Model Recovery 'clock50'
Slack : -4.022
TNS   : -176.326

Type  : Slow 1100mV 85C Model Recovery 'clock6'
Slack : -3.499
TNS   : -152.248

Type  : Slow 1100mV 85C Model Recovery 'HPSWrapperTop:hps_system|HPSWrapper:hps_qsys_system|HPSWrapper_arm_hps:arm_hps|HPSWrapper_arm_hps_hps_io:hps_io|HPSWrapper_arm_hps_hps_io_border:border|hps_sdram:hps_sdram_inst|hps_sdram_pll:pll|afi_clk_write_clk'
Slack : 3.375
TNS   : 0.000

Type  : Slow 1100mV 85C Model Recovery 'hps_system|hps_qsys_system|arm_hps|fpga_interfaces|clocks_resets|h2f_user0_clk'
Slack : 15.521
TNS   : 0.000

Type  : Slow 1100mV 85C Model Removal 'HPSWrapperTop:hps_system|HPSWrapper:hps_qsys_system|HPSWrapper_arm_hps:arm_hps|HPSWrapper_arm_hps_hps_io:hps_io|HPSWrapper_arm_hps_hps_io_border:border|hps_sdram:hps_sdram_inst|hps_sdram_pll:pll|afi_clk_write_clk'
Slack : 0.470
TNS   : 0.000

Type  : Slow 1100mV 85C Model Removal 'clock6'
Slack : 0.526
TNS   : 0.000

Type  : Slow 1100mV 85C Model Removal 'clock50'
Slack : 0.571
TNS   : 0.000

Type  : Slow 1100mV 85C Model Removal 'hps_system|hps_qsys_system|arm_hps|fpga_interfaces|clocks_resets|h2f_user0_clk'
Slack : 0.952
TNS   : 0.000

Type  : Slow 1100mV 85C Model Minimum Pulse Width 'HPSWrapperTop:hps_system|HPSWrapper:hps_qsys_system|HPSWrapper_arm_hps:arm_hps|HPSWrapper_arm_hps_hps_io:hps_io|HPSWrapper_arm_hps_hps_io_border:border|hps_sdram:hps_sdram_inst|hps_sdram_pll:pll|pll_write_clk_dq_write_clk'
Slack : 0.608
TNS   : 0.000

Type  : Slow 1100mV 85C Model Minimum Pulse Width 'HPSWrapperTop:hps_system|HPSWrapper:hps_qsys_system|HPSWrapper_arm_hps:arm_hps|HPSWrapper_arm_hps_hps_io:hps_io|HPSWrapper_arm_hps_hps_io_border:border|hps_sdram:hps_sdram_inst|hps_sdram_pll:pll|afi_clk_write_clk'
Slack : 0.623
TNS   : 0.000

Type  : Slow 1100mV 85C Model Minimum Pulse Width 'hps_system|hps_qsys_system|arm_hps|fpga_interfaces|clocks_resets|h2f_user0_clk'
Slack : 8.792
TNS   : 0.000

Type  : Slow 1100mV 85C Model Minimum Pulse Width 'clock50'
Slack : 8.884
TNS   : 0.000

Type  : Slow 1100mV 85C Model Minimum Pulse Width 'clock6'
Slack : 82.205
TNS   : 0.000

Type  : Slow 1100mV 0C Model Setup 'clock50'
Slack : -2.686
TNS   : -51.018

Type  : Slow 1100mV 0C Model Setup 'clock6'
Slack : -2.647
TNS   : -119.888

Type  : Slow 1100mV 0C Model Setup 'HPSWrapperTop:hps_system|HPSWrapper:hps_qsys_system|HPSWrapper_arm_hps:arm_hps|HPSWrapper_arm_hps_hps_io:hps_io|HPSWrapper_arm_hps_hps_io_border:border|hps_sdram:hps_sdram_inst|hps_sdram_pll:pll|afi_clk_write_clk'
Slack : 1.727
TNS   : 0.000

Type  : Slow 1100mV 0C Model Setup 'hps_system|hps_qsys_system|arm_hps|fpga_interfaces|clocks_resets|h2f_user0_clk'
Slack : 10.847
TNS   : 0.000

Type  : Slow 1100mV 0C Model Hold 'HPSWrapperTop:hps_system|HPSWrapper:hps_qsys_system|HPSWrapper_arm_hps:arm_hps|HPSWrapper_arm_hps_hps_io:hps_io|HPSWrapper_arm_hps_hps_io_border:border|hps_sdram:hps_sdram_inst|hps_sdram_pll:pll|afi_clk_write_clk'
Slack : 0.162
TNS   : 0.000

Type  : Slow 1100mV 0C Model Hold 'clock50'
Slack : 0.179
TNS   : 0.000

Type  : Slow 1100mV 0C Model Hold 'hps_system|hps_qsys_system|arm_hps|fpga_interfaces|clocks_resets|h2f_user0_clk'
Slack : 0.216
TNS   : 0.000

Type  : Slow 1100mV 0C Model Hold 'clock6'
Slack : 0.303
TNS   : 0.000

Type  : Slow 1100mV 0C Model Recovery 'clock50'
Slack : -3.883
TNS   : -171.372

Type  : Slow 1100mV 0C Model Recovery 'clock6'
Slack : -3.413
TNS   : -148.126

Type  : Slow 1100mV 0C Model Recovery 'HPSWrapperTop:hps_system|HPSWrapper:hps_qsys_system|HPSWrapper_arm_hps:arm_hps|HPSWrapper_arm_hps_hps_io:hps_io|HPSWrapper_arm_hps_hps_io_border:border|hps_sdram:hps_sdram_inst|hps_sdram_pll:pll|afi_clk_write_clk'
Slack : 3.468
TNS   : 0.000

Type  : Slow 1100mV 0C Model Recovery 'hps_system|hps_qsys_system|arm_hps|fpga_interfaces|clocks_resets|h2f_user0_clk'
Slack : 15.783
TNS   : 0.000

Type  : Slow 1100mV 0C Model Removal 'HPSWrapperTop:hps_system|HPSWrapper:hps_qsys_system|HPSWrapper_arm_hps:arm_hps|HPSWrapper_arm_hps_hps_io:hps_io|HPSWrapper_arm_hps_hps_io_border:border|hps_sdram:hps_sdram_inst|hps_sdram_pll:pll|afi_clk_write_clk'
Slack : 0.460
TNS   : 0.000

Type  : Slow 1100mV 0C Model Removal 'clock6'
Slack : 0.481
TNS   : 0.000

Type  : Slow 1100mV 0C Model Removal 'clock50'
Slack : 0.525
TNS   : 0.000

Type  : Slow 1100mV 0C Model Removal 'hps_system|hps_qsys_system|arm_hps|fpga_interfaces|clocks_resets|h2f_user0_clk'
Slack : 0.890
TNS   : 0.000

Type  : Slow 1100mV 0C Model Minimum Pulse Width 'HPSWrapperTop:hps_system|HPSWrapper:hps_qsys_system|HPSWrapper_arm_hps:arm_hps|HPSWrapper_arm_hps_hps_io:hps_io|HPSWrapper_arm_hps_hps_io_border:border|hps_sdram:hps_sdram_inst|hps_sdram_pll:pll|pll_write_clk_dq_write_clk'
Slack : 0.613
TNS   : 0.000

Type  : Slow 1100mV 0C Model Minimum Pulse Width 'HPSWrapperTop:hps_system|HPSWrapper:hps_qsys_system|HPSWrapper_arm_hps:arm_hps|HPSWrapper_arm_hps_hps_io:hps_io|HPSWrapper_arm_hps_hps_io_border:border|hps_sdram:hps_sdram_inst|hps_sdram_pll:pll|afi_clk_write_clk'
Slack : 0.630
TNS   : 0.000

Type  : Slow 1100mV 0C Model Minimum Pulse Width 'hps_system|hps_qsys_system|arm_hps|fpga_interfaces|clocks_resets|h2f_user0_clk'
Slack : 8.758
TNS   : 0.000

Type  : Slow 1100mV 0C Model Minimum Pulse Width 'clock50'
Slack : 8.834
TNS   : 0.000

Type  : Slow 1100mV 0C Model Minimum Pulse Width 'clock6'
Slack : 82.234
TNS   : 0.000

Type  : Fast 1100mV 85C Model Setup 'clock6'
Slack : -1.784
TNS   : -76.439

Type  : Fast 1100mV 85C Model Setup 'clock50'
Slack : -1.700
TNS   : -31.762

Type  : Fast 1100mV 85C Model Setup 'HPSWrapperTop:hps_system|HPSWrapper:hps_qsys_system|HPSWrapper_arm_hps:arm_hps|HPSWrapper_arm_hps_hps_io:hps_io|HPSWrapper_arm_hps_hps_io_border:border|hps_sdram:hps_sdram_inst|hps_sdram_pll:pll|afi_clk_write_clk'
Slack : 2.110
TNS   : 0.000

Type  : Fast 1100mV 85C Model Setup 'hps_system|hps_qsys_system|arm_hps|fpga_interfaces|clocks_resets|h2f_user0_clk'
Slack : 13.846
TNS   : 0.000

Type  : Fast 1100mV 85C Model Hold 'HPSWrapperTop:hps_system|HPSWrapper:hps_qsys_system|HPSWrapper_arm_hps:arm_hps|HPSWrapper_arm_hps_hps_io:hps_io|HPSWrapper_arm_hps_hps_io_border:border|hps_sdram:hps_sdram_inst|hps_sdram_pll:pll|afi_clk_write_clk'
Slack : 0.084
TNS   : 0.000

Type  : Fast 1100mV 85C Model Hold 'clock50'
Slack : 0.135
TNS   : 0.000

Type  : Fast 1100mV 85C Model Hold 'clock6'
Slack : 0.154
TNS   : 0.000

Type  : Fast 1100mV 85C Model Hold 'hps_system|hps_qsys_system|arm_hps|fpga_interfaces|clocks_resets|h2f_user0_clk'
Slack : 0.160
TNS   : 0.000

Type  : Fast 1100mV 85C Model Recovery 'clock50'
Slack : -2.343
TNS   : -98.620

Type  : Fast 1100mV 85C Model Recovery 'clock6'
Slack : -2.116
TNS   : -93.544

Type  : Fast 1100mV 85C Model Recovery 'HPSWrapperTop:hps_system|HPSWrapper:hps_qsys_system|HPSWrapper_arm_hps:arm_hps|HPSWrapper_arm_hps_hps_io:hps_io|HPSWrapper_arm_hps_hps_io_border:border|hps_sdram:hps_sdram_inst|hps_sdram_pll:pll|afi_clk_write_clk'
Slack : 3.727
TNS   : 0.000

Type  : Fast 1100mV 85C Model Recovery 'hps_system|hps_qsys_system|arm_hps|fpga_interfaces|clocks_resets|h2f_user0_clk'
Slack : 16.730
TNS   : 0.000

Type  : Fast 1100mV 85C Model Removal 'clock6'
Slack : 0.270
TNS   : 0.000

Type  : Fast 1100mV 85C Model Removal 'clock50'
Slack : 0.301
TNS   : 0.000

Type  : Fast 1100mV 85C Model Removal 'HPSWrapperTop:hps_system|HPSWrapper:hps_qsys_system|HPSWrapper_arm_hps:arm_hps|HPSWrapper_arm_hps_hps_io:hps_io|HPSWrapper_arm_hps_hps_io_border:border|hps_sdram:hps_sdram_inst|hps_sdram_pll:pll|afi_clk_write_clk'
Slack : 0.497
TNS   : 0.000

Type  : Fast 1100mV 85C Model Removal 'hps_system|hps_qsys_system|arm_hps|fpga_interfaces|clocks_resets|h2f_user0_clk'
Slack : 0.539
TNS   : 0.000

Type  : Fast 1100mV 85C Model Minimum Pulse Width 'HPSWrapperTop:hps_system|HPSWrapper:hps_qsys_system|HPSWrapper_arm_hps:arm_hps|HPSWrapper_arm_hps_hps_io:hps_io|HPSWrapper_arm_hps_hps_io_border:border|hps_sdram:hps_sdram_inst|hps_sdram_pll:pll|pll_write_clk_dq_write_clk'
Slack : 0.883
TNS   : 0.000

Type  : Fast 1100mV 85C Model Minimum Pulse Width 'HPSWrapperTop:hps_system|HPSWrapper:hps_qsys_system|HPSWrapper_arm_hps:arm_hps|HPSWrapper_arm_hps_hps_io:hps_io|HPSWrapper_arm_hps_hps_io_border:border|hps_sdram:hps_sdram_inst|hps_sdram_pll:pll|afi_clk_write_clk'
Slack : 0.891
TNS   : 0.000

Type  : Fast 1100mV 85C Model Minimum Pulse Width 'clock50'
Slack : 8.783
TNS   : 0.000

Type  : Fast 1100mV 85C Model Minimum Pulse Width 'hps_system|hps_qsys_system|arm_hps|fpga_interfaces|clocks_resets|h2f_user0_clk'
Slack : 8.903
TNS   : 0.000

Type  : Fast 1100mV 85C Model Minimum Pulse Width 'clock6'
Slack : 81.810
TNS   : 0.000

Type  : Fast 1100mV 0C Model Setup 'clock6'
Slack : -1.664
TNS   : -73.143

Type  : Fast 1100mV 0C Model Setup 'clock50'
Slack : -1.576
TNS   : -29.368

Type  : Fast 1100mV 0C Model Setup 'HPSWrapperTop:hps_system|HPSWrapper:hps_qsys_system|HPSWrapper_arm_hps:arm_hps|HPSWrapper_arm_hps_hps_io:hps_io|HPSWrapper_arm_hps_hps_io_border:border|hps_sdram:hps_sdram_inst|hps_sdram_pll:pll|afi_clk_write_clk'
Slack : 2.110
TNS   : 0.000

Type  : Fast 1100mV 0C Model Setup 'hps_system|hps_qsys_system|arm_hps|fpga_interfaces|clocks_resets|h2f_user0_clk'
Slack : 14.440
TNS   : 0.000

Type  : Fast 1100mV 0C Model Hold 'HPSWrapperTop:hps_system|HPSWrapper:hps_qsys_system|HPSWrapper_arm_hps:arm_hps|HPSWrapper_arm_hps_hps_io:hps_io|HPSWrapper_arm_hps_hps_io_border:border|hps_sdram:hps_sdram_inst|hps_sdram_pll:pll|afi_clk_write_clk'
Slack : 0.077
TNS   : 0.000

Type  : Fast 1100mV 0C Model Hold 'clock50'
Slack : 0.098
TNS   : 0.000

Type  : Fast 1100mV 0C Model Hold 'clock6'
Slack : 0.145
TNS   : 0.000

Type  : Fast 1100mV 0C Model Hold 'hps_system|hps_qsys_system|arm_hps|fpga_interfaces|clocks_resets|h2f_user0_clk'
Slack : 0.154
TNS   : 0.000

Type  : Fast 1100mV 0C Model Recovery 'clock50'
Slack : -2.125
TNS   : -89.553

Type  : Fast 1100mV 0C Model Recovery 'clock6'
Slack : -1.999
TNS   : -87.855

Type  : Fast 1100mV 0C Model Recovery 'HPSWrapperTop:hps_system|HPSWrapper:hps_qsys_system|HPSWrapper_arm_hps:arm_hps|HPSWrapper_arm_hps_hps_io:hps_io|HPSWrapper_arm_hps_hps_io_border:border|hps_sdram:hps_sdram_inst|hps_sdram_pll:pll|afi_clk_write_clk'
Slack : 3.825
TNS   : 0.000

Type  : Fast 1100mV 0C Model Recovery 'hps_system|hps_qsys_system|arm_hps|fpga_interfaces|clocks_resets|h2f_user0_clk'
Slack : 17.187
TNS   : 0.000

Type  : Fast 1100mV 0C Model Removal 'clock6'
Slack : 0.214
TNS   : 0.000

Type  : Fast 1100mV 0C Model Removal 'clock50'
Slack : 0.239
TNS   : 0.000

Type  : Fast 1100mV 0C Model Removal 'HPSWrapperTop:hps_system|HPSWrapper:hps_qsys_system|HPSWrapper_arm_hps:arm_hps|HPSWrapper_arm_hps_hps_io:hps_io|HPSWrapper_arm_hps_hps_io_border:border|hps_sdram:hps_sdram_inst|hps_sdram_pll:pll|afi_clk_write_clk'
Slack : 0.473
TNS   : 0.000

Type  : Fast 1100mV 0C Model Removal 'hps_system|hps_qsys_system|arm_hps|fpga_interfaces|clocks_resets|h2f_user0_clk'
Slack : 0.484
TNS   : 0.000

Type  : Fast 1100mV 0C Model Minimum Pulse Width 'HPSWrapperTop:hps_system|HPSWrapper:hps_qsys_system|HPSWrapper_arm_hps:arm_hps|HPSWrapper_arm_hps_hps_io:hps_io|HPSWrapper_arm_hps_hps_io_border:border|hps_sdram:hps_sdram_inst|hps_sdram_pll:pll|pll_write_clk_dq_write_clk'
Slack : 0.887
TNS   : 0.000

Type  : Fast 1100mV 0C Model Minimum Pulse Width 'HPSWrapperTop:hps_system|HPSWrapper:hps_qsys_system|HPSWrapper_arm_hps:arm_hps|HPSWrapper_arm_hps_hps_io:hps_io|HPSWrapper_arm_hps_hps_io_border:border|hps_sdram:hps_sdram_inst|hps_sdram_pll:pll|afi_clk_write_clk'
Slack : 0.894
TNS   : 0.000

Type  : Fast 1100mV 0C Model Minimum Pulse Width 'clock50'
Slack : 8.778
TNS   : 0.000

Type  : Fast 1100mV 0C Model Minimum Pulse Width 'hps_system|hps_qsys_system|arm_hps|fpga_interfaces|clocks_resets|h2f_user0_clk'
Slack : 8.903
TNS   : 0.000

Type  : Fast 1100mV 0C Model Minimum Pulse Width 'clock6'
Slack : 81.766
TNS   : 0.000

------------------------------------------------------------
Info: see the "DDR report" for DDR timing results
------------------------------------------------------------
------------------------------------------------------------
