Flow report for Synchroniser
Thu Aug 10 03:14:03 2023
Quartus Prime Version 17.1.0 Build 590 10/25/2017 SJ Lite Edition


---------------------
; Table of Contents ;
---------------------
  1. Legal Notice
  2. Flow Summary
  3. Flow Settings
  4. Flow Non-Default Global Settings
  5. Flow Elapsed Time
  6. Flow OS Summary
  7. Flow Log
  8. Flow Messages
  9. Flow Suppressed Messages



----------------
; Legal Notice ;
----------------
Copyright (C) 2017  Intel Corporation. All rights reserved.
Your use of Intel Corporation's design tools, logic functions 
and other software and tools, and its AMPP partner logic 
functions, and any output files from any of the foregoing 
(including device programming or simulation files), and any 
associated documentation or information are expressly subject 
to the terms and conditions of the Intel Program License 
Subscription Agreement, the Intel Quartus Prime License Agreement,
the Intel FPGA IP License Agreement, or other applicable license
agreement, including, without limitation, that your use is for
the sole purpose of programming logic devices manufactured by
Intel and sold by Intel or its authorized distributors.  Please
refer to the applicable agreement for further details.



+-------------------------------------------------------------------------------+
; Flow Summary                                                                  ;
+---------------------------------+---------------------------------------------+
; Flow Status                     ; Successful - Thu Aug 10 03:14:03 2023       ;
; Quartus Prime Version           ; 17.1.0 Build 590 10/25/2017 SJ Lite Edition ;
; Revision Name                   ; Synchroniser                                ;
; Top-level Entity Name           ; ResetSynchroniser                           ;
; Family                          ; Cyclone V                                   ;
; Device                          ; 5CSEMA5F31C6                                ;
; Timing Models                   ; Final                                       ;
; Logic utilization (in ALMs)     ; N/A                                         ;
; Total registers                 ; 4                                           ;
; Total pins                      ; 3                                           ;
; Total virtual pins              ; 0                                           ;
; Total block memory bits         ; 0                                           ;
; Total DSP Blocks                ; 0                                           ;
; Total HSSI RX PCSs              ; 0                                           ;
; Total HSSI PMA RX Deserializers ; 0                                           ;
; Total HSSI TX PCSs              ; 0                                           ;
; Total HSSI PMA TX Serializers   ; 0                                           ;
; Total PLLs                      ; 0                                           ;
; Total DLLs                      ; 0                                           ;
+---------------------------------+---------------------------------------------+


+-----------------------------------------+
; Flow Settings                           ;
+-------------------+---------------------+
; Option            ; Setting             ;
+-------------------+---------------------+
; Start date & time ; 08/10/2023 03:13:47 ;
; Main task         ; Compilation         ;
; Revision Name     ; Synchroniser        ;
+-------------------+---------------------+


+-------------------------------------------------------------------------------------------------------------------------------------------------------+
; Flow Non-Default Global Settings                                                                                                                      ;
+----------------------------------------+---------------------------------------------------+---------------+-------------------+----------------------+
; Assignment Name                        ; Value                                             ; Default Value ; Entity Name       ; Section Id           ;
+----------------------------------------+---------------------------------------------------+---------------+-------------------+----------------------+
; COMPILER_SIGNATURE_ID                  ; 93180995280387.169163362704916                    ; --            ; --                ; --                   ;
; EDA_DESIGN_INSTANCE_NAME               ; NA                                                ; --            ; --                ; NBitSynchroniser_TB  ;
; EDA_DESIGN_INSTANCE_NAME               ; NA                                                ; --            ; --                ; ResetSynchroniser_TB ;
; EDA_NATIVELINK_SIMULATION_SETUP_SCRIPT ; ../../ELEC5566M-Resources/simulation/load_sim.tcl ; --            ; --                ; eda_simulation       ;
; EDA_NATIVELINK_SIMULATION_TEST_BENCH   ; ResetSynchroniser_TB                              ; --            ; --                ; eda_simulation       ;
; EDA_NETLIST_WRITER_OUTPUT_DIR          ; simulation                                        ; --            ; --                ; eda_simulation       ;
; EDA_OUTPUT_DATA_FORMAT                 ; Verilog Hdl                                       ; --            ; --                ; eda_simulation       ;
; EDA_SIMULATION_TOOL                    ; ModelSim-Altera (Verilog)                         ; <None>        ; --                ; --                   ;
; EDA_TEST_BENCH_ENABLE_STATUS           ; TEST_BENCH_MODE                                   ; --            ; --                ; eda_simulation       ;
; EDA_TEST_BENCH_FILE                    ; NBitSynchroniser_TB.v                             ; --            ; --                ; NBitSynchroniser_TB  ;
; EDA_TEST_BENCH_FILE                    ; ResetSynchroniser_TB.v                            ; --            ; --                ; ResetSynchroniser_TB ;
; EDA_TEST_BENCH_MODULE_NAME             ; NBitSynchroniser_TB                               ; --            ; --                ; NBitSynchroniser_TB  ;
; EDA_TEST_BENCH_MODULE_NAME             ; ResetSynchroniser_TB                              ; --            ; --                ; ResetSynchroniser_TB ;
; EDA_TEST_BENCH_NAME                    ; ResetSynchroniser_TB                              ; --            ; --                ; eda_simulation       ;
; EDA_TEST_BENCH_NAME                    ; NBitSynchroniser_TB                               ; --            ; --                ; eda_simulation       ;
; EDA_TIME_SCALE                         ; 1 ns                                              ; --            ; --                ; eda_simulation       ;
; MAX_CORE_JUNCTION_TEMP                 ; 85                                                ; --            ; --                ; --                   ;
; MIN_CORE_JUNCTION_TEMP                 ; 0                                                 ; --            ; --                ; --                   ;
; PARTITION_COLOR                        ; -- (Not supported for targeted family)            ; --            ; ResetSynchroniser ; Top                  ;
; PARTITION_FITTER_PRESERVATION_LEVEL    ; -- (Not supported for targeted family)            ; --            ; ResetSynchroniser ; Top                  ;
; PARTITION_NETLIST_TYPE                 ; -- (Not supported for targeted family)            ; --            ; ResetSynchroniser ; Top                  ;
; POWER_BOARD_THERMAL_MODEL              ; None (CONSERVATIVE)                               ; --            ; --                ; --                   ;
; POWER_PRESET_COOLING_SOLUTION          ; 23 MM HEAT SINK WITH 200 LFPM AIRFLOW             ; --            ; --                ; --                   ;
; PROJECT_OUTPUT_DIRECTORY               ; output_files                                      ; --            ; --                ; --                   ;
; TOP_LEVEL_ENTITY                       ; ResetSynchroniser                                 ; Synchroniser  ; --                ; --                   ;
+----------------------------------------+---------------------------------------------------+---------------+-------------------+----------------------+


+--------------------------------------------------------------------------------------------------------------------------+
; Flow Elapsed Time                                                                                                        ;
+----------------------+--------------+-------------------------+---------------------+------------------------------------+
; Module Name          ; Elapsed Time ; Average Processors Used ; Peak Virtual Memory ; Total CPU Time (on all processors) ;
+----------------------+--------------+-------------------------+---------------------+------------------------------------+
; Analysis & Synthesis ; 00:00:17     ; 1.0                     ; 4791 MB             ; 00:00:31                           ;
; Total                ; 00:00:17     ; --                      ; --                  ; 00:00:31                           ;
+----------------------+--------------+-------------------------+---------------------+------------------------------------+


+------------------------------------------------------------------------------------+
; Flow OS Summary                                                                    ;
+----------------------+------------------+------------+------------+----------------+
; Module Name          ; Machine Hostname ; OS Name    ; OS Version ; Processor type ;
+----------------------+------------------+------------+------------+----------------+
; Analysis & Synthesis ; DESKTOP-632QBNL  ; Windows 10 ; 10.0       ; x86_64         ;
+----------------------+------------------+------------+------------+----------------+


------------
; Flow Log ;
------------
quartus_map --read_settings_files=on --write_settings_files=off Synchroniser -c Synchroniser



