------------------------------------------------------------
TimeQuest Timing Analyzer Summary
------------------------------------------------------------

Type  : Slow 1100mV 85C Model Setup 'wrclk'
Slack : -1.708
TNS   : -16.697

Type  : Slow 1100mV 85C Model Setup 'rdclk'
Slack : -1.499
TNS   : -21.507

Type  : Slow 1100mV 85C Model Hold 'wrclk'
Slack : 0.245
TNS   : 0.000

Type  : Slow 1100mV 85C Model Hold 'rdclk'
Slack : 0.375
TNS   : 0.000

Type  : Slow 1100mV 85C Model Recovery 'rdclk'
Slack : -0.810
TNS   : -6.624

Type  : Slow 1100mV 85C Model Recovery 'wrclk'
Slack : -0.197
TNS   : -3.182

Type  : Slow 1100mV 85C Model Removal 'rdclk'
Slack : 0.444
TNS   : 0.000

Type  : Slow 1100mV 85C Model Removal 'wrclk'
Slack : 0.599
TNS   : 0.000

Type  : Slow 1100mV 85C Model Minimum Pulse Width 'rdclk'
Slack : -2.174
TNS   : -62.810

Type  : Slow 1100mV 85C Model Minimum Pulse Width 'wrclk'
Slack : -2.174
TNS   : -52.404

Type  : Slow 1100mV 0C Model Setup 'wrclk'
Slack : -1.601
TNS   : -15.847

Type  : Slow 1100mV 0C Model Setup 'rdclk'
Slack : -1.465
TNS   : -21.266

Type  : Slow 1100mV 0C Model Hold 'wrclk'
Slack : 0.221
TNS   : 0.000

Type  : Slow 1100mV 0C Model Hold 'rdclk'
Slack : 0.391
TNS   : 0.000

Type  : Slow 1100mV 0C Model Recovery 'rdclk'
Slack : -0.720
TNS   : -5.626

Type  : Slow 1100mV 0C Model Recovery 'wrclk'
Slack : -0.159
TNS   : -2.649

Type  : Slow 1100mV 0C Model Removal 'rdclk'
Slack : 0.370
TNS   : 0.000

Type  : Slow 1100mV 0C Model Removal 'wrclk'
Slack : 0.549
TNS   : 0.000

Type  : Slow 1100mV 0C Model Minimum Pulse Width 'rdclk'
Slack : -2.174
TNS   : -63.840

Type  : Slow 1100mV 0C Model Minimum Pulse Width 'wrclk'
Slack : -2.174
TNS   : -53.580

Type  : Fast 1100mV 85C Model Setup 'wrclk'
Slack : -0.495
TNS   : -3.642

Type  : Fast 1100mV 85C Model Setup 'rdclk'
Slack : -0.418
TNS   : -4.037

Type  : Fast 1100mV 85C Model Hold 'wrclk'
Slack : 0.150
TNS   : 0.000

Type  : Fast 1100mV 85C Model Hold 'rdclk'
Slack : 0.182
TNS   : 0.000

Type  : Fast 1100mV 85C Model Recovery 'rdclk'
Slack : -0.114
TNS   : -0.114

Type  : Fast 1100mV 85C Model Recovery 'wrclk'
Slack : 0.312
TNS   : 0.000

Type  : Fast 1100mV 85C Model Removal 'rdclk'
Slack : 0.233
TNS   : 0.000

Type  : Fast 1100mV 85C Model Removal 'wrclk'
Slack : 0.318
TNS   : 0.000

Type  : Fast 1100mV 85C Model Minimum Pulse Width 'rdclk'
Slack : -2.174
TNS   : -53.952

Type  : Fast 1100mV 85C Model Minimum Pulse Width 'wrclk'
Slack : -2.174
TNS   : -41.787

Type  : Fast 1100mV 0C Model Setup 'wrclk'
Slack : -0.374
TNS   : -2.543

Type  : Fast 1100mV 0C Model Setup 'rdclk'
Slack : -0.316
TNS   : -2.997

Type  : Fast 1100mV 0C Model Hold 'wrclk'
Slack : 0.136
TNS   : 0.000

Type  : Fast 1100mV 0C Model Hold 'rdclk'
Slack : 0.173
TNS   : 0.000

Type  : Fast 1100mV 0C Model Recovery 'rdclk'
Slack : -0.024
TNS   : -0.024

Type  : Fast 1100mV 0C Model Recovery 'wrclk'
Slack : 0.355
TNS   : 0.000

Type  : Fast 1100mV 0C Model Removal 'rdclk'
Slack : 0.177
TNS   : 0.000

Type  : Fast 1100mV 0C Model Removal 'wrclk'
Slack : 0.284
TNS   : 0.000

Type  : Fast 1100mV 0C Model Minimum Pulse Width 'rdclk'
Slack : -2.174
TNS   : -53.975

Type  : Fast 1100mV 0C Model Minimum Pulse Width 'wrclk'
Slack : -2.174
TNS   : -41.860

------------------------------------------------------------
